// Jest Snapshot v1, https://goo.gl/fbAQLP

exports[`render correctly component NewItem 1`] = `
<KeyboardAvoidingView
  behavior="padding"
  enabled={true}
  keyboardVerticalOffset={Object {}}
  style={
    Object {
      "flex": 1,
    }
  }
>
  <ScrollViewMock>
    <View
      style={
        Object {
          "backgroundColor": "white",
          "height": NaN,
          "paddingHorizontal": 18,
          "paddingVertical": 10,
        }
      }
    >
      <View
        style={
          Array [
            Object {
              "marginHorizontal": 20,
              "marginVertical": 12,
            },
            Object {
              "flexDirection": "row",
              "justifyContent": "space-around",
            },
          ]
        }
      >
        <ForwardRef(Themed.Button)
          buttonStyle={
            Object {
              "backgroundColor": "#EE6123",
              "borderRadius": 5,
              "height": 66.5,
              "width": 267,
            }
          }
          onPress={[Function]}
          testID="product"
          title="PRODUCTO"
          titleStyle={
            Object {
              "color": "#fff",
              "fontFamily": "Lato-Semibold",
              "fontSize": 12,
            }
          }
        />
        <ForwardRef(Themed.Button)
          buttonStyle={
            Object {
              "backgroundColor": "transparent",
              "borderColor": "#3687d1",
              "borderRadius": 5,
              "borderWidth": 1,
              "height": 66.5,
              "width": 267,
            }
          }
          onPress={[Function]}
          testID="service"
          title="SERVICIO"
          titleStyle={
            Object {
              "color": "#3687d1",
              "fontFamily": "Lato-Semibold",
              "fontSize": 12,
            }
          }
        />
      </View>
      <View
        style={
          Object {
            "backgroundColor": "transparent",
            "marginHorizontal": 10,
          }
        }
      >
        <AddItem
          data={
            Object {
              "nameProduct": "",
              "nameService": "",
              "price": "",
              "value": "",
            }
          }
          isProduct={true}
          setName={[Function]}
          setValueOrPrice={[Function]}
        />
      </View>
    </View>
  </ScrollViewMock>
  <ForwardRef(Themed.Button)
    buttonStyle={
      Object {
        "backgroundColor": "#EE6123",
        "borderRadius": 0,
        "height": 106.5,
      }
    }
    disabled={true}
    disabledStyle={
      Object {
        "backgroundColor": "#C4C4C4",
        "borderRadius": 0,
        "height": 106.5,
      }
    }
    disabledTitleStyle={
      Object {
        "color": "#fff",
        "fontFamily": "Lato-Semibold",
        "fontSize": 14,
      }
    }
    loading={false}
    onPress={[Function]}
    testID="buttonSave"
    title={
      <Text>
        GUARDAR 
        PRODUCTO
      </Text>
    }
    titleStyle={
      Object {
        "color": "#fff",
        "fontFamily": "Lato-Semibold",
        "fontSize": 14,
      }
    }
  />
</KeyboardAvoidingView>
`;

exports[`test functional component AddItem render correctly component AddItem 1`] = `
<View>
  <View
    style={
      Object {
        "alignSelf": "stretch",
        "justifyContent": "center",
        "marginBottom": 10,
        "marginTop": 5,
        "position": "relative",
      }
    }
  >
    <TextInput
      allowFontScaling={true}
      placeholder="Concepto del Servicio"
      rejectResponderTermination={true}
      style={
        Object {
          "alignSelf": "stretch",
          "borderBottomColor": "#C4C4C4",
          "borderBottomWidth": 1,
          "borderRadius": 5,
          "fontFamily": "Lato-Regular",
          "fontSize": 18,
          "height": 40,
        }
      }
      underlineColorAndroid="transparent"
    />
  </View>
  <View
    style={
      Object {
        "alignItems": "center",
        "borderColor": "#C4C4C4",
        "borderRadius": 3,
        "borderWidth": 1,
        "flexDirection": "row",
      }
    }
  >
    <Text
      style={
        Object {
          "color": "#858585",
          "fontFamily": "Lato-Regular",
          "fontSize": 18,
          "marginHorizontal": 7,
          "paddingBottom": 3,
        }
      }
    >
      Precio $ 
    </Text>
    <TextInput
      allowFontScaling={true}
      keyboardType="numeric"
      placeholder="0.00"
      rejectResponderTermination={true}
      style={
        Object {
          "fontFamily": "Lato-Regular",
          "fontSize": 18,
          "height": 93.5,
          "paddingRight": 7,
          "width": "80%",
        }
      }
      underlineColorAndroid="transparent"
      value=""
    />
  </View>
</View>
`;
