// Jest Snapshot v1, https://goo.gl/fbAQLP

exports[`Rendering Component Authentication renders correctly Authentication 1`] = `ShallowWrapper {}`;
