// Jest Snapshot v1, https://goo.gl/fbAQLP

exports[`Rendering Component Screen1 renders correctly 1`] = `
<View
  style={
    Object {
      "alignItems": "center",
      "backgroundColor": "#3687d1",
      "height": 1334,
      "justifyContent": "center",
      "width": 750,
    }
  }
>
  <Text
    style={
      Object {
        "bottom": 422,
        "color": "#fff",
        "fontFamily": undefined,
        "fontSize": 80,
        "lineHeight": 90,
        "position": "absolute",
      }
    }
  >
    1
  </Text>
  <Text
    style={
      Object {
        "alignItems": "center",
        "color": "#fff",
        "fontFamily": undefined,
        "fontSize": 16,
        "height": 33,
        "lineHeight": 32,
        "position": "absolute",
        "textAlign": "center",
        "top": 287,
        "width": 289,
      }
    }
  >
    Facturar sin demoras
  </Text>
  <Text
    style={
      Object {
        "alignItems": "center",
        "color": "#fff",
        "fontFamily": undefined,
        "fontSize": undefined,
        "height": 66,
        "lineHeight": 21,
        "position": "absolute",
        "textAlign": "center",
        "top": 332,
        "width": 289,
      }
    }
  >
    Como cuando lo era cuando lo hacias en papel, Ã¡gil para vos y para tus clientes.
  </Text>
</View>
`;
