// Jest Snapshot v1, https://goo.gl/fbAQLP

exports[`Rendering Component Screen3 renders correctly 1`] = `
<View
  style={
    Object {
      "alignItems": "center",
      "backgroundColor": "#3687d1",
      "height": 1334,
      "justifyContent": "center",
      "width": 750,
    }
  }
>
  <Text
    style={
      Object {
        "bottom": 422,
        "color": "#fff",
        "fontFamily": undefined,
        "fontSize": 80,
        "lineHeight": 90,
        "position": "absolute",
      }
    }
  >
    3
  </Text>
  <Text
    style={
      Object {
        "alignItems": "center",
        "color": "#fff",
        "fontFamily": undefined,
        "fontSize": 18,
        "height": 33,
        "lineHeight": 32,
        "position": "absolute",
        "textAlign": "center",
        "top": 287,
        "width": 289,
      }
    }
  >
    Información segura
  </Text>
  <Text
    style={
      Object {
        "alignItems": "center",
        "color": "#fff",
        "fontFamily": undefined,
        "fontSize": 14,
        "height": 66,
        "lineHeight": 21,
        "position": "absolute",
        "textAlign": "center",
        "top": 332,
        "width": 289,
      }
    }
  >
    Nuestra política de privacidad es simple: No compartimos ninguna información personal o impositiva tuya.
  </Text>
  <View
    accessible={true}
    isTVSelectable={true}
    onResponderGrant={[Function]}
    onResponderMove={[Function]}
    onResponderRelease={[Function]}
    onResponderTerminate={[Function]}
    onResponderTerminationRequest={[Function]}
    onStartShouldSetResponder={[Function]}
    style={
      Object {
        "justifyContent": "center",
        "opacity": 1,
        "top": 190,
      }
    }
    testID="ready"
  >
    <Text
      style={
        Array [
          Object {
            "color": "#007aff",
            "fontSize": 17,
            "fontWeight": "500",
            "textAlign": "center",
          },
          null,
          Object {
            "borderColor": "#fff",
            "borderRadius": 2,
            "borderWidth": 1,
            "color": "#fff",
            "fontFamily": undefined,
            "fontSize": 14,
            "height": 40,
            "padding": 10,
            "textAlign": "center",
            "width": 247,
          },
          null,
        ]
      }
    >
      Listo
    </Text>
  </View>
</View>
`;
