// Jest Snapshot v1, https://goo.gl/fbAQLP

exports[`Rendering Component SigUp renders correctly SignUp 1`] = `ShallowWrapper {}`;
